// Jest Snapshot v1, https://goo.gl/fbAQLP

exports[`codegen happy pass 1`] = `"return function render(_ctx,_cache){return "hi"}"`;

exports[`codegen happy pass 2`] = `
"import { toDisplayString as _toDisplayString } from "vue" 
return function render(_ctx,_cache){return _toDisplayString(_ctx.message)}"
`;
